// Jest Snapshot v1, https://goo.gl/fbAQLP

exports[`renders App  1`] = `
<View
  style={
    Object {
      "alignItems": "center",
      "backgroundColor": "#F5FCFF",
      "flex": 1,
      "justifyContent": "center",
    }
  }
>
  <Text
    style={
      Object {
        "fontSize": 20,
        "margin": 10,
        "textAlign": "center",
      }
    }
  >
    Welcome man to React Native!
  </Text>
  <Text
    style={
      Object {
        "color": "#333333",
        "marginBottom": 5,
        "textAlign": "center",
      }
    }
  >
    To get started, edit App.js
  </Text>
  <Text
    style={
      Object {
        "color": "#333333",
        "marginBottom": 5,
        "textAlign": "center",
      }
    }
  >
    Press Cmd+R to reload,
Cmd+D or shake for dev menu
  </Text>
</View>
`;
